{
  "input_frames": 39,
  "input_boxes": 8399,
  "output_boxes": 8399,
  "removed_top500": 0,
  "attributes": "empty: model does not predict attributes",
  "additional_score_filter": null,
  "score_range": [
    0.10000041872262955,
    0.9300923347473145
  ],
  "version": "v1.0-mini",
  "eval_set": "mini_scene_0061",
  "input": "/home/minglei/Desktop/CAR/perception_lab/runs/20260923T043110_d6ae8066/M05/mini_scene/predictions.json",
  "output": "/home/minglei/Desktop/CAR/perception_lab/runs/20260923T043110_d6ae8066/M05/mini_scene/nuscenes_detection.json",
  "input_sha256": "43be7f1f42b1f77a16440ba99462ea789a30adcfa35fac1f221cdbe1ca126f56",
  "output_sha256": "2e3944c4201d1a55a79ed797e86e7d81bf3f896d5404b540b48bdc162fec99a7",
  "checkpoint_sha256": [
    "9061688e5f81adae87d28241143e2d33075f68908134264f0de8c901acf911d8"
  ],
  "source_config_hash": [
    "5e198428f9ec1509bc7f9f5d8462b4f01e22255377f44ff34fc04bca65f26e8a"
  ]
}
